// Jest Snapshot v1, https://goo.gl/fbAQLP

exports[`<Cell /> should match snapshot 1`] = `
<styled.div
  isMine={false}
  isOpen={false}
  onClick={[Function]}
/>
`;
